main.c:94:5:main	16	static
main.c:233:6:HAL_UART_RxCpltCallback	24	static
main.c:256:6:Convertvalue	32	static
main.c:274:6:FrameUART	8	static
main.c:349:6:CheckUART	16	static
main.c:541:6:IAQcolor	4	static
main.c:565:6:CheckFLAG	4	static
main.c:569:6:FormInterface	16	static
main.c:647:6:IAQform	8	static
main.c:664:6:HAL_TIM_PeriodElapsedCallback	16	static
main.c:681:6:SystemClock_Config	88	static
main.c:725:13:MX_I2C1_Init	8	static
main.c:759:13:MX_SPI2_Init	8	static
main.c:797:13:MX_TIM1_Init	80	static
main.c:866:13:MX_TIM2_Init	64	static
main.c:933:13:MX_TIM3_Init	48	static
main.c:986:13:MX_USART1_UART_Init	8	static
main.c:1019:13:MX_GPIO_Init	48	static
main.c:1064:6:Error_Handler	4	static
